URL: http://localhost:8000/api/settings/profile
Traceback (most recent call last):
  File "D:\project SE\apps\api\app\main.py", line 41, in log_exceptions
    return await call_next(request)
  File "D:\project SE\apps\api\venv\lib\site-packages\starlette\middleware\base.py", line 168, in call_next
    raise app_exc from app_exc.__cause__ or app_exc.__context__
  File "D:\project SE\apps\api\venv\lib\site-packages\starlette\middleware\base.py", line 144, in coro
    await self.app(scope, receive_or_disconnect, send_no_error)
  File "D:\project SE\apps\api\venv\lib\site-packages\starlette\middleware\cors.py", line 96, in __call__
    await self.simple_response(scope, receive, send, request_headers=headers)
  File "D:\project SE\apps\api\venv\lib\site-packages\starlette\middleware\cors.py", line 154, in simple_response
    await self.app(scope, receive, send)
  File "D:\project SE\apps\api\venv\lib\site-packages\starlette\middleware\exceptions.py", line 63, in __call__
    await wrap_app_handling_exceptions(self.app, conn)(scope, receive, send)
  File "D:\project SE\apps\api\venv\lib\site-packages\starlette\_exception_handler.py", line 53, in wrapped_app
    raise exc
  File "D:\project SE\apps\api\venv\lib\site-packages\starlette\_exception_handler.py", line 42, in wrapped_app
    await app(scope, receive, sender)
  File "D:\project SE\apps\api\venv\lib\site-packages\fastapi\middleware\asyncexitstack.py", line 18, in __call__
    await self.app(scope, receive, send)
  File "D:\project SE\apps\api\venv\lib\site-packages\starlette\routing.py", line 660, in __call__
    await self.middleware_stack(scope, receive, send)
  File "D:\project SE\apps\api\venv\lib\site-packages\starlette\routing.py", line 680, in app
    await route.handle(scope, receive, send)
  File "D:\project SE\apps\api\venv\lib\site-packages\starlette\routing.py", line 276, in handle
    await self.app(scope, receive, send)
  File "D:\project SE\apps\api\venv\lib\site-packages\fastapi\routing.py", line 134, in app
    await wrap_app_handling_exceptions(app, request)(scope, receive, send)
  File "D:\project SE\apps\api\venv\lib\site-packages\starlette\_exception_handler.py", line 53, in wrapped_app
    raise exc
  File "D:\project SE\apps\api\venv\lib\site-packages\starlette\_exception_handler.py", line 42, in wrapped_app
    await app(scope, receive, sender)
  File "D:\project SE\apps\api\venv\lib\site-packages\fastapi\routing.py", line 120, in app
    response = await f(request)
  File "D:\project SE\apps\api\venv\lib\site-packages\fastapi\routing.py", line 674, in app
    raw_response = await run_endpoint_function(
  File "D:\project SE\apps\api\venv\lib\site-packages\fastapi\routing.py", line 328, in run_endpoint_function
    return await dependant.call(**values)
  File "D:\project SE\apps\api\app\routes\settings.py", line 41, in update_profile
    return await settings_service.update_profile(db, user.id, data)
  File "D:\project SE\apps\api\app\services\settings_service.py", line 61, in update_profile
    user = result.scalar_one_or_none()
  File "D:\project SE\apps\api\venv\lib\site-packages\sqlalchemy\engine\result.py", line 1514, in scalar_one_or_none
    return self._only_one_row(
  File "D:\project SE\apps\api\venv\lib\site-packages\sqlalchemy\engine\result.py", line 796, in _only_one_row
    existing_row_hash = strategy(row) if strategy else row
  File "D:\project SE\apps\api\venv\lib\site-packages\sqlalchemy\orm\loading.py", line 286, in require_unique
    raise sa_exc.InvalidRequestError(
sqlalchemy.exc.InvalidRequestError: The unique() method must be invoked on this Result, as it contains results that include joined eager loads against collections
